85.234.193.203 - - [18/Feb/2020:10:52:13 +0900] "PATCH /scalable/enable/e-tailers HTTP/1.1" 302 22964
240.221.171.181 - damore5235 [18/Feb/2020:10:52:13 +0900] "PATCH /bandwidth HTTP/1.1" 503 21617
5.107.107.31 - - [18/Feb/2020:10:52:13 +0900] "PUT /mindshare HTTP/2.0" 301 16467
171.138.215.111 - mcclure3214 [18/Feb/2020:10:52:13 +0900] "HEAD /bricks-and-clicks/utilize/ubiquitous HTTP/1.0" 405 4863
222.34.105.211 - friesen8337 [18/Feb/2020:10:52:13 +0900] "GET /one-to-one/models HTTP/1.1" 404 9085
162.221.204.125 - stamm1742 [18/Feb/2020:10:52:13 +0900] "HEAD /technologies/utilize HTTP/1.1" 201 24596
250.202.67.142 - - [18/Feb/2020:10:52:13 +0900] "DELETE /innovative/seize HTTP/1.1" 404 22819
242.121.11.194 - - [18/Feb/2020:10:52:13 +0900] "PATCH /strategize HTTP/1.0" 401 3437
229.215.198.6 - deckow2634 [18/Feb/2020:10:52:13 +0900] "PUT /leverage/eyeballs/applications HTTP/1.0" 405 7859
110.94.210.243 - - [18/Feb/2020:10:52:13 +0900] "PATCH /eyeballs HTTP/2.0" 401 16429
180.85.85.219 - - [18/Feb/2020:10:52:13 +0900] "DELETE /repurpose/world-class/seamless/reintermediate HTTP/1.0" 401 3828
118.133.67.214 - hickle2039 [18/Feb/2020:10:52:13 +0900] "PUT /seamless/e-business HTTP/1.1" 200 17524
15.83.50.216 - - [18/Feb/2020:10:52:13 +0900] "POST /compelling/sexy HTTP/2.0" 404 27646
100.207.59.112 - - [18/Feb/2020:10:52:13 +0900] "GET /action-items/synergize HTTP/2.0" 204 325
86.52.56.25 - fritsch9966 [18/Feb/2020:10:52:13 +0900] "DELETE /sexy/paradigms/customized HTTP/1.1" 501 20524
19.195.137.94 - terry2860 [18/Feb/2020:10:52:13 +0900] "POST /interfaces/integrate/synergize HTTP/1.0" 301 7561
124.225.177.115 - mosciski6078 [18/Feb/2020:10:52:13 +0900] "DELETE /mission-critical/web+services/deliver/networks HTTP/2.0" 501 19060
19.110.232.222 - - [18/Feb/2020:10:52:13 +0900] "PATCH /repurpose/empower/expedite/bandwidth HTTP/1.0" 203 3219
223.248.254.31 - - [18/Feb/2020:10:52:13 +0900] "GET /experiences/integrated HTTP/1.1" 205 6709
12.228.38.90 - - [18/Feb/2020:10:52:13 +0900] "HEAD /reinvent/action-items/technologies/scale HTTP/1.0" 404 19986
13.232.114.21 - grimes7919 [18/Feb/2020:10:52:13 +0900] "DELETE /ubiquitous/web-enabled/extensible HTTP/1.1" 501 1937
38.77.253.200 - - [18/Feb/2020:10:52:13 +0900] "GET /transparent/users HTTP/1.0" 504 8916
190.172.18.164 - - [18/Feb/2020:10:52:13 +0900] "PATCH /visionary/aggregate/streamline/communities HTTP/1.1" 204 16530
251.211.53.166 - - [18/Feb/2020:10:52:13 +0900] "HEAD /solutions/benchmark/web-readiness/supply-chains HTTP/1.1" 301 23408
23.129.189.67 - - [18/Feb/2020:10:52:13 +0900] "PUT /drive/efficient/reinvent HTTP/2.0" 401 27583
235.107.203.153 - - [18/Feb/2020:10:52:13 +0900] "DELETE /benchmark/e-business HTTP/1.1" 404 26589
3.103.211.112 - cassin8339 [18/Feb/2020:10:52:13 +0900] "POST /partnerships/plug-and-play/users HTTP/1.1" 203 18016
247.96.147.246 - bernhard6489 [18/Feb/2020:10:52:13 +0900] "GET /architectures/world-class/infrastructures/web-enabled HTTP/1.1" 403 18994
83.110.26.172 - vandervort4157 [18/Feb/2020:10:52:13 +0900] "HEAD /engage HTTP/1.0" 302 22316
107.81.116.133 - - [18/Feb/2020:10:52:13 +0900] "DELETE /interfaces/evolve/end-to-end/synthesize HTTP/2.0" 503 16232
181.11.244.112 - - [18/Feb/2020:10:52:13 +0900] "HEAD /intuitive/deploy HTTP/2.0" 205 12113
201.148.62.180 - - [18/Feb/2020:10:52:13 +0900] "PUT /drive HTTP/1.1" 204 11326
119.150.139.175 - kozey1954 [18/Feb/2020:10:52:13 +0900] "DELETE /scale HTTP/2.0" 503 27120
128.66.196.197 - - [18/Feb/2020:10:52:13 +0900] "GET /transparent HTTP/1.1" 502 24607
249.155.123.8 - - [18/Feb/2020:10:52:13 +0900] "GET /infrastructures/technologies HTTP/1.1" 504 23066
128.239.148.180 - jenkins6897 [18/Feb/2020:10:52:13 +0900] "DELETE /niches/plug-and-play/end-to-end HTTP/2.0" 204 5858
192.40.218.92 - - [18/Feb/2020:10:52:13 +0900] "DELETE /e-enable/innovative HTTP/1.0" 100 22130
157.233.133.86 - - [18/Feb/2020:10:52:13 +0900] "POST /target/unleash/unleash HTTP/2.0" 205 16965
103.224.183.232 - - [18/Feb/2020:10:52:13 +0900] "POST /eyeballs/transparent/portals HTTP/1.1" 201 18476
133.196.143.12 - runte6433 [18/Feb/2020:10:52:13 +0900] "PATCH /synergies/plug-and-play/e-services HTTP/1.1" 204 6446
48.153.200.232 - - [18/Feb/2020:10:52:13 +0900] "PUT /repurpose HTTP/1.0" 406 22577
59.43.246.198 - - [18/Feb/2020:10:52:13 +0900] "GET /customized HTTP/2.0" 502 28464
2.206.221.169 - - [18/Feb/2020:10:52:13 +0900] "GET /monetize/cross-media/architectures/repurpose HTTP/1.0" 203 25175
122.221.75.159 - kshlerin9434 [18/Feb/2020:10:52:13 +0900] "PATCH /revolutionary/back-end/synthesize HTTP/1.0" 500 14908
138.116.62.211 - - [18/Feb/2020:10:52:13 +0900] "POST /networks/methodologies/target HTTP/1.0" 501 11559
42.245.165.25 - lehner9331 [18/Feb/2020:10:52:13 +0900] "PATCH /transition/redefine HTTP/1.0" 301 19689
234.66.166.97 - carroll2345 [18/Feb/2020:10:52:13 +0900] "GET /infrastructures/benchmark/expedite HTTP/1.0" 302 26282
160.109.194.144 - - [18/Feb/2020:10:52:13 +0900] "DELETE /distributed/cutting-edge HTTP/2.0" 501 20534
17.105.87.116 - renner9374 [18/Feb/2020:10:52:13 +0900] "HEAD /embrace/grow/enhance/utilize HTTP/1.1" 502 7746
237.212.91.47 - - [18/Feb/2020:10:52:13 +0900] "GET /wireless HTTP/1.0" 304 4567
56.161.92.89 - - [18/Feb/2020:10:52:13 +0900] "PUT /holistic/compelling HTTP/1.0" 406 26569
22.234.7.158 - hartmann5695 [18/Feb/2020:10:52:13 +0900] "POST /b2b HTTP/1.0" 404 12086
69.120.102.206 - vonrueden3397 [18/Feb/2020:10:52:13 +0900] "GET /bricks-and-clicks HTTP/1.1" 204 27965
158.162.153.212 - kirlin9559 [18/Feb/2020:10:52:13 +0900] "PUT /virtual/web-enabled HTTP/1.1" 500 28277
7.117.85.126 - rice2761 [18/Feb/2020:10:52:13 +0900] "GET /deliver/transform/web+services/bandwidth HTTP/1.1" 302 24674
82.21.246.134 - koss5148 [18/Feb/2020:10:52:13 +0900] "PATCH /innovative HTTP/1.1" 401 18362
177.161.93.216 - carter4916 [18/Feb/2020:10:52:13 +0900] "PUT /interfaces HTTP/1.0" 403 5914
214.249.21.88 - ortiz7208 [18/Feb/2020:10:52:13 +0900] "PUT /impactful/transition/brand HTTP/1.0" 205 18292
239.208.171.197 - feeney6613 [18/Feb/2020:10:52:13 +0900] "PUT /envisioneer/aggregate HTTP/1.1" 200 22212
4.94.43.178 - - [18/Feb/2020:10:52:13 +0900] "PUT /redefine/benchmark/paradigms/synthesize HTTP/1.1" 401 10319
116.170.165.79 - dietrich2121 [18/Feb/2020:10:52:13 +0900] "GET /infomediaries/brand HTTP/1.0" 201 21399
